// Jest Snapshot v1, https://goo.gl/fbAQLP

exports[`NotImplementedException render matches snapshot 1`] = `
<div>
  <div
    class="sc-bczRLJ dtMXGe"
  >
    <div
      class="sc-gsnTZi dkPlsI"
    >
      throw new NotImplementedException()
    </div>
  </div>
  <div
    class="sc-dkzDqf eGEKCX"
  >
    <p>
      Coming Soon!
    </p>
    <div
      class="sc-hKMtZM hbOElo"
    >
      <div />
      <div />
    </div>
  </div>
</div>
`;
