// Jest Snapshot v1, https://goo.gl/fbAQLP

exports[`WebVitals render matches snapshot 1`] = `
<div>
  <div
    class="sc-bczRLJ gUwqzG"
  >
    <div
      title="Largest Contentful Paint"
    >
      LCP:
      <div
        class="sc-gsnTZi eVhfZt"
      >
        good
      </div>
      (
      1
      )
    </div>
    <div
      title="First Input Delay. Not reported if the user never interacts with the page"
    >
      FID:
      <div
        class="sc-gsnTZi eVhfZt"
      >
        good
      </div>
    </div>
    <div
      title="Cumulative Layout Shift"
    >
      CLS:
      <div
        class="sc-gsnTZi eVhfZt"
      >
        good
      </div>
       
      (
      1
      )
    </div>
    <div
      title="Time to first byte"
    >
      TTFB:
      <div
        class="sc-gsnTZi eVhfZt"
      >
        good
      </div>
       
    </div>
    <div
      title="First Contentful Paint"
    >
      FCP:
      <div
        class="sc-gsnTZi bsTnoU"
      >
        poor
      </div>
       
    </div>
  </div>
</div>
`;
