// Jest Snapshot v1, https://goo.gl/fbAQLP

exports[`CarouselContainer render matches snapshot 1`] = `
<div>
  <div>
    <div
      class="sc-bczRLJ gAMQQc"
      width="1200"
    >
      <div
        class="sc-gsnTZi gTMrvE"
        data-testid="slidecontainer"
      >
        <div
          aria-label="slide"
          class="sc-jSMfEi VJILX"
          data-slideindex="0"
          role="tabpanel"
        >
          <div
            class="sc-gKXOVf cbzbJq"
          >
            Tour the Empire State Building! Buy tickets now.
          </div>
          <img
            alt="New York City skyline"
            height="600"
            src="/frontend-patterns/images/newyork.jpg"
            width="1200"
          />
        </div>
        <div
          aria-label="slide"
          class="sc-jSMfEi VJILX"
          data-slideindex="1"
          role="tabpanel"
        >
          <div
            class="sc-gKXOVf cbzbJq"
          >
            Ride the Shinkansen!
          </div>
          <img
            alt="Tokyo skyline"
            height="600"
            src="/frontend-patterns/images/city.jpg"
            width="1200"
          />
        </div>
        <div
          aria-label="slide"
          class="sc-jSMfEi VJILX"
          data-slideindex="2"
          role="tabpanel"
        >
          <div
            class="sc-gKXOVf cbzbJq"
          >
            See penguins!
          </div>
          <img
            alt="Penguins"
            height="600"
            src="/frontend-patterns/images/penguin.jpg"
            width="1200"
          />
        </div>
      </div>
      <div
        aria-label="back"
        class="sc-dkzDqf gwhyYA"
        role="button"
      >
        ←
      </div>
      <div
        aria-label="forward"
        class="sc-dkzDqf jqtibL"
        role="button"
      >
        →
      </div>
      <div
        class="sc-hKMtZM kWebxu"
      >
        <div
          aria-label="slide 1"
          aria-selected="true"
          class="sc-eCYdqJ kSRWIa"
          role="tab"
        />
        <div
          aria-label="slide 2"
          aria-selected="false"
          class="sc-eCYdqJ gxiJdE"
          role="tab"
        />
        <div
          aria-label="slide 3"
          aria-selected="false"
          class="sc-eCYdqJ gxiJdE"
          role="tab"
        />
      </div>
    </div>
  </div>
</div>
`;

exports[`CarouselContainer window resize recalculates layout 1`] = `
<div>
  <div>
    <div
      class="sc-bczRLJ gAMQQc"
      width="1200"
    >
      <div
        class="sc-gsnTZi gTMrvE"
        data-testid="slidecontainer"
      >
        <div
          aria-label="slide"
          class="sc-jSMfEi VJILX"
          data-slideindex="0"
          role="tabpanel"
        >
          <div
            class="sc-gKXOVf cbzbJq"
          >
            Tour the Empire State Building! Buy tickets now.
          </div>
          <img
            alt="New York City skyline"
            height="600"
            src="/frontend-patterns/images/newyork.jpg"
            width="1200"
          />
        </div>
        <div
          aria-label="slide"
          class="sc-jSMfEi VJILX"
          data-slideindex="1"
          role="tabpanel"
        >
          <div
            class="sc-gKXOVf cbzbJq"
          >
            Ride the Shinkansen!
          </div>
          <img
            alt="Tokyo skyline"
            height="600"
            src="/frontend-patterns/images/city.jpg"
            width="1200"
          />
        </div>
        <div
          aria-label="slide"
          class="sc-jSMfEi VJILX"
          data-slideindex="2"
          role="tabpanel"
        >
          <div
            class="sc-gKXOVf cbzbJq"
          >
            See penguins!
          </div>
          <img
            alt="Penguins"
            height="600"
            src="/frontend-patterns/images/penguin.jpg"
            width="1200"
          />
        </div>
      </div>
      <div
        aria-label="back"
        class="sc-dkzDqf gwhyYA"
        role="button"
      >
        ←
      </div>
      <div
        aria-label="forward"
        class="sc-dkzDqf jqtibL"
        role="button"
      >
        →
      </div>
      <div
        class="sc-hKMtZM kWebxu"
      >
        <div
          aria-label="slide 1"
          aria-selected="true"
          class="sc-eCYdqJ kSRWIa"
          role="tab"
        />
        <div
          aria-label="slide 2"
          aria-selected="false"
          class="sc-eCYdqJ gxiJdE"
          role="tab"
        />
        <div
          aria-label="slide 3"
          aria-selected="false"
          class="sc-eCYdqJ gxiJdE"
          role="tab"
        />
      </div>
    </div>
  </div>
</div>
`;
