// Jest Snapshot v1, https://goo.gl/fbAQLP

exports[`ReactMemo changes state after increments 1`] = `
<div>
  <div
    role="main"
    style="padding: 10px;"
  >
    <div>
      <p>
        CounterAMemo a=
        0
      </p>
    </div>
    <div>
      <p>
        CounterABMemo a=
        0
         b=
        0
      </p>
    </div>
    <div>
      <p>
        CounterABUseMemo a=
        0
         b=
        0
      </p>
    </div>
    <div>
      <p>
        CounterABShallowMemo a=
        0
         b=
        0
      </p>
      children!
    </div>
    <p>
      Container state: 
      0
    </p>
    <div
      class="sc-gsnTZi jwMZeR"
    >
      <button
        class="sc-bczRLJ daJtMB bg-gray"
      >
        Inc A
      </button>
      <button
        class="sc-bczRLJ daJtMB bg-gray"
      >
        Inc B
      </button>
      <button
        class="sc-bczRLJ daJtMB bg-gray"
      >
        Null state change
      </button>
    </div>
  </div>
</div>
`;

exports[`ReactMemo changes state after increments 2`] = `
<div>
  <div
    role="main"
    style="padding: 10px;"
  >
    <div>
      <p>
        CounterAMemo a=
        1
      </p>
    </div>
    <div>
      <p>
        CounterABMemo a=
        1
         b=
        0
      </p>
    </div>
    <div>
      <p>
        CounterABUseMemo a=
        1
         b=
        0
      </p>
    </div>
    <div>
      <p>
        CounterABShallowMemo a=
        1
         b=
        0
      </p>
      children!
    </div>
    <p>
      Container state: 
      1
    </p>
    <div
      class="sc-gsnTZi jwMZeR"
    >
      <button
        class="sc-bczRLJ daJtMB bg-gray"
      >
        Inc A
      </button>
      <button
        class="sc-bczRLJ daJtMB bg-gray"
      >
        Inc B
      </button>
      <button
        class="sc-bczRLJ daJtMB bg-gray"
      >
        Null state change
      </button>
    </div>
  </div>
</div>
`;

exports[`ReactMemo changes state after increments 3`] = `
<div>
  <div
    role="main"
    style="padding: 10px;"
  >
    <div>
      <p>
        CounterAMemo a=
        1
      </p>
    </div>
    <div>
      <p>
        CounterABMemo a=
        1
         b=
        1
      </p>
    </div>
    <div>
      <p>
        CounterABUseMemo a=
        1
         b=
        1
      </p>
    </div>
    <div>
      <p>
        CounterABShallowMemo a=
        1
         b=
        1
      </p>
      children!
    </div>
    <p>
      Container state: 
      1
    </p>
    <div
      class="sc-gsnTZi jwMZeR"
    >
      <button
        class="sc-bczRLJ daJtMB bg-gray"
      >
        Inc A
      </button>
      <button
        class="sc-bczRLJ daJtMB bg-gray"
      >
        Inc B
      </button>
      <button
        class="sc-bczRLJ daJtMB bg-gray"
      >
        Null state change
      </button>
    </div>
  </div>
</div>
`;

exports[`ReactMemo changes state after increments 4`] = `
<div>
  <div
    role="main"
    style="padding: 10px;"
  >
    <div>
      <p>
        CounterAMemo a=
        1
      </p>
    </div>
    <div>
      <p>
        CounterABMemo a=
        1
         b=
        1
      </p>
    </div>
    <div>
      <p>
        CounterABUseMemo a=
        1
         b=
        1
      </p>
    </div>
    <div>
      <p>
        CounterABShallowMemo a=
        1
         b=
        1
      </p>
      children!
    </div>
    <p>
      Container state: 
      1
    </p>
    <div
      class="sc-gsnTZi jwMZeR"
    >
      <button
        class="sc-bczRLJ daJtMB bg-gray"
      >
        Inc A
      </button>
      <button
        class="sc-bczRLJ daJtMB bg-gray"
      >
        Inc B
      </button>
      <button
        class="sc-bczRLJ daJtMB bg-gray"
      >
        Null state change
      </button>
    </div>
  </div>
</div>
`;

exports[`ReactMemo renders and matches snapshot 1`] = `
<div>
  <div
    role="main"
    style="padding: 10px;"
  >
    <div>
      <p>
        CounterAMemo a=
        0
      </p>
    </div>
    <div>
      <p>
        CounterABMemo a=
        0
         b=
        0
      </p>
    </div>
    <div>
      <p>
        CounterABUseMemo a=
        0
         b=
        0
      </p>
    </div>
    <div>
      <p>
        CounterABShallowMemo a=
        0
         b=
        0
      </p>
      children!
    </div>
    <p>
      Container state: 
      0
    </p>
    <div
      class="sc-gsnTZi jwMZeR"
    >
      <button
        class="sc-bczRLJ daJtMB bg-gray"
      >
        Inc A
      </button>
      <button
        class="sc-bczRLJ daJtMB bg-gray"
      >
        Inc B
      </button>
      <button
        class="sc-bczRLJ daJtMB bg-gray"
      >
        Null state change
      </button>
    </div>
  </div>
</div>
`;
